[2026-08-12T21:35:50.129060+00:00] question 37: 'What is the etymology of the name of the province to the east of the province in which Hazrati Sultan District is located?'
Traceback (most recent call last):
  File "/Users/suhanagrewal/Desktop/documents/career/Projects/improved kv cache/orchestrator.py", line 113, in plan_task
    parsed = json.loads(cleaned)
  File "/opt/homebrew/Cellar/python@3.14/3.14.6/Frameworks/Python.framework/Versions/3.14/lib/python3.14/json/__init__.py", line 352, in loads
    return _default_decoder.decode(s)
           ~~~~~~~~~~~~~~~~~~~~~~~^^^
  File "/opt/homebrew/Cellar/python@3.14/3.14.6/Frameworks/Python.framework/Versions/3.14/lib/python3.14/json/decoder.py", line 345, in decode
    obj, end = self.raw_decode(s, idx=_w(s, 0).end())
               ~~~~~~~~~~~~~~~^^^^^^^^^^^^^^^^^^^^^^^
  File "/opt/homebrew/Cellar/python@3.14/3.14.6/Frameworks/Python.framework/Versions/3.14/lib/python3.14/json/decoder.py", line 361, in raw_decode
    obj, end = self.scan_once(s, idx)
               ~~~~~~~~~~~~~~^^^^^^^^
json.decoder.JSONDecodeError: Illegal trailing comma before end of array: line 4 column 187 (char 334)

The above exception was the direct cause of the following exception:

Traceback (most recent call last):
  File "/Users/suhanagrewal/Desktop/documents/career/Projects/improved kv cache/run_frames_batch.py", line 54, in run_frames_batch
    final_answer = await orchestrate(q["prompt"], trace_log_path=trace_path)
                   ^^^^^^^^^^^^^^^^^^^^^^^^^^^^^^^^^^^^^^^^^^^^^^^^^^^^^^^^^
  File "/Users/suhanagrewal/Desktop/documents/career/Projects/improved kv cache/orchestrator.py", line 273, in orchestrate
    plan = plan_task(user_task)
  File "/Users/suhanagrewal/Desktop/documents/career/Projects/improved kv cache/orchestrator.py", line 116, in plan_task
    raise ValueError(
        f"Planner did not return valid plan JSON. Raw response:\n{raw_text}"
    ) from e
ValueError: Planner did not return valid plan JSON. Raw response:
{
  "subtasks": [
    {"id": "web_search_1", "description": "Search for the name of the neighboring province and its location.", "depends_on": []},
    {"id": "execute_python_2", "description": "Retrieve the etymology information from a predefined database that contains historical geographical data.", "depends_on": ["web_search_1"]},
  ]
}

----------------------------------------------------------------------
[2026-08-13T07:43:20.907601+00:00] question 23: 'The actress who played Aunt Rose in A Brooklyn State of Mind (1997) also starred in a mafia movie where she sang a popular Sicilian song. How many years later did her version of the song occur after the earliest recording?'
Traceback (most recent call last):
  File "/Users/suhanagrewal/Desktop/documents/career/Projects/improved kv cache/run_frames_batch.py", line 54, in run_frames_batch
    final_answer = await orchestrate(q["prompt"], trace_log_path=trace_path)
                   ^^^^^^^^^^^^^^^^^^^^^^^^^^^^^^^^^^^^^^^^^^^^^^^^^^^^^^^^^
  File "/Users/suhanagrewal/Desktop/documents/career/Projects/improved kv cache/orchestrator.py", line 273, in orchestrate
    plan = plan_task(user_task)
  File "/Users/suhanagrewal/Desktop/documents/career/Projects/improved kv cache/orchestrator.py", line 120, in plan_task
    _validate_plan(subtasks)
    ~~~~~~~~~~~~~~^^^^^^^^^^
  File "/Users/suhanagrewal/Desktop/documents/career/Projects/improved kv cache/orchestrator.py", line 81, in _validate_plan
    raise ValueError(
        f"Sub-task '{st['id']}' depends on unknown id '{dep}'"
    )
ValueError: Sub-task 'execute_python_calculate_difference' depends on unknown id 'get_earliest_recording_year'

----------------------------------------------------------------------
[2026-08-13T10:09:48.515921+00:00] question 105: 'The parish church of Renče, Slovenia, is dedicated to two saints. What would be the tropical zodiac sign of someone born on the date of their annual festival?'
Traceback (most recent call last):
  File "/Users/suhanagrewal/Desktop/documents/career/Projects/improved kv cache/run_frames_batch.py", line 54, in run_frames_batch
    final_answer = await orchestrate(q["prompt"], trace_log_path=trace_path)
                   ^^^^^^^^^^^^^^^^^^^^^^^^^^^^^^^^^^^^^^^^^^^^^^^^^^^^^^^^^
  File "/Users/suhanagrewal/Desktop/documents/career/Projects/improved kv cache/orchestrator.py", line 273, in orchestrate
    plan = plan_task(user_task)
  File "/Users/suhanagrewal/Desktop/documents/career/Projects/improved kv cache/orchestrator.py", line 120, in plan_task
    _validate_plan(subtasks)
    ~~~~~~~~~~~~~~^^^^^^^^^^
  File "/Users/suhanagrewal/Desktop/documents/career/Projects/improved kv cache/orchestrator.py", line 75, in _validate_plan
    raise ValueError(f"Plan has duplicate sub-task ids: {ids}")
ValueError: Plan has duplicate sub-task ids: ['web_search', 'web_search', 'execute_python']

----------------------------------------------------------------------
